Daily activity log: Mon Aug 31 00:14:28 IST 2026
[2026-09-01 00:29:30] Daily session started
[2026-09-01 00:29:35] Added daily notes & progress update
[2026-09-01 00:29:40] Task completed and synced
[2026-09-02T12:15:00+05:30] Activity check 1
[2026-09-02T14:15:00+05:30] Activity check 2
[2026-09-03T12:15:00+05:30] Activity check 1
[2026-09-03T14:15:00+05:30] Activity check 2
[2026-09-03T16:15:00+05:30] Activity check 3
[2026-09-04T12:15:00+05:30] Activity check 1
[2026-09-05T12:15:00+05:30] Activity check 1
[2026-09-05T14:15:00+05:30] Activity check 2
[2026-09-05T16:15:00+05:30] Activity check 3
[2026-09-05T18:15:00+05:30] Activity check 4
[2026-09-06T12:15:00+05:30] Activity check 1
[2026-09-06T14:15:00+05:30] Activity check 2
[2026-09-07T12:15:00+05:30] Activity check 1
[2026-09-07T14:15:00+05:30] Activity check 2
[2026-09-07T16:15:00+05:30] Activity check 3
[2026-09-08T12:15:00+05:30] Activity check 1
[2026-09-09T12:15:00+05:30] Activity check 1
[2026-09-09T14:15:00+05:30] Activity check 2
[2026-09-09T16:15:00+05:30] Activity check 3
[2026-09-10T12:15:00+05:30] Activity check 1
[2026-09-10T14:15:00+05:30] Activity check 2
[2026-09-10T16:15:00+05:30] Activity check 3
[2026-09-10T18:15:00+05:30] Activity check 4
[2026-09-11T14:30:00+05:30] Activity check 1
[2026-09-11T17:30:00+05:30] Activity check 2
[2026-09-11T20:30:00+05:30] Activity check 3
[2026-09-12T00:08:45+05:30] Activity check 1
[2026-09-12T00:08:50+05:30] Activity check 2
[2026-09-12T18:07:50+05:30] Evening progress sync
[2026-09-12T18:07:55+05:30] End of day wrap-up
